Traceback (most recent call last):
  File "/scratch/ybudanaz/data_must_flow_artifacts/cloudsc_pattern_one/gcc/amd_epyc/benchmark_cloudsc_pattern_one.py", line 357, in <module>
    cloudsc_pattern_one_std_sdfg = cloudsc_pattern_one.to_sdfg()
                                   ^^^^^^^^^^^^^^^^^^^
NameError: name 'cloudsc_pattern_one' is not defined. Did you mean: 'cloudsc_pattern_1'?
Traceback (most recent call last):
  File "/scratch/ybudanaz/data_must_flow_artifacts/cloudsc_pattern_one/gcc/amd_epyc/benchmark_cloudsc_pattern_one.py", line 357, in <module>
    cloudsc_pattern_one_std_sdfg = cloudsc_pattern_one.to_sdfg()
                                   ^^^^^^^^^^^^^^^^^^^
NameError: name 'cloudsc_pattern_one' is not defined. Did you mean: 'cloudsc_pattern_1'?
Traceback (most recent call last):
  File "/scratch/ybudanaz/data_must_flow_artifacts/cloudsc_pattern_one/gcc/amd_epyc/benchmark_cloudsc_pattern_one.py", line 357, in <module>
    cloudsc_pattern_one_std_sdfg = cloudsc_pattern_one.to_sdfg()
                                   ^^^^^^^^^^^^^^^^^^^
NameError: name 'cloudsc_pattern_one' is not defined. Did you mean: 'cloudsc_pattern_1'?
Traceback (most recent call last):
  File "/scratch/ybudanaz/dace/dace/codegen/compiler.py", line 245, in configure_and_compile
    _run_liveoutput("cmake --build . --config %s" % (Config.get('compiler', 'build_type')),
  File "/scratch/ybudanaz/dace/dace/codegen/compiler.py", line 429, in _run_liveoutput
    raise subprocess.CalledProcessError(process.returncode, command, output.getvalue())
subprocess.CalledProcessError: Command 'cmake --build . --config RelWithDebInfo' returned non-zero exit status 2.

During handling of the above exception, another exception occurred:

Traceback (most recent call last):
  File "/scratch/ybudanaz/data_must_flow_artifacts/cloudsc_pattern_one/gcc/amd_epyc/benchmark_cloudsc_pattern_one.py", line 348, in <module>
    all_timings["cloudsc_pattern_1", size] = run_sdfg_multiple_times(
                                             ^^^^^^^^^^^^^^^^^^^^^^^^
  File "/scratch/ybudanaz/data_must_flow_artifacts/cloudsc_pattern_one/gcc/amd_epyc/benchmark_cloudsc_pattern_one.py", line 171, in run_sdfg_multiple_times
    compiled = sdfg.compile()
               ^^^^^^^^^^^^^^
  File "/scratch/ybudanaz/dace/dace/sdfg/sdfg.py", line 2436, in compile
    shared_library = compiler.configure_and_compile(program_folder, sdfg.name)
                     ^^^^^^^^^^^^^^^^^^^^^^^^^^^^^^^^^^^^^^^^^^^^^^^^^^^^^^^^^
  File "/scratch/ybudanaz/dace/dace/codegen/compiler.py", line 254, in configure_and_compile
    raise cgx.CompilationError('Compiler failure:\n' + ex.output)
dace.codegen.exceptions.CompilationError: Compiler failure:
[ 25%] Building CXX object CMakeFiles/cloudsc_pattern_1.dir/scratch/ybudanaz/data_must_flow_artifacts/cloudsc_pattern_one/gcc/amd_epyc/.dacecache/cloudsc_pattern_1/src/cpu/cloudsc_pattern_1.cpp.o
g++: error: unrecognized command-line option '-fno-vectorize'; did you mean '-ftree-vectorize'?
gmake[2]: *** [CMakeFiles/cloudsc_pattern_1.dir/build.make:79: CMakeFiles/cloudsc_pattern_1.dir/scratch/ybudanaz/data_must_flow_artifacts/cloudsc_pattern_one/gcc/amd_epyc/.dacecache/cloudsc_pattern_1/src/cpu/cloudsc_pattern_1.cpp.o] Error 1
gmake[1]: *** [CMakeFiles/Makefile2:90: CMakeFiles/cloudsc_pattern_1.dir/all] Error 2
gmake: *** [Makefile:91: all] Error 2

Traceback (most recent call last):
  File "/scratch/ybudanaz/data_must_flow_artifacts/cloudsc_pattern_one/gcc/amd_epyc/benchmark_cloudsc_pattern_one.py", line 357, in <module>
    cloudsc_pattern_one_std_sdfg = cloudsc_pattern_one.to_sdfg()
                                   ^^^^^^^^^^^^^^^^^^^
NameError: name 'cloudsc_pattern_one' is not defined. Did you mean: 'cloudsc_pattern_1'?
Traceback (most recent call last):
  File "/scratch/ybudanaz/data_must_flow_artifacts/cloudsc_pattern_one/gcc/amd_epyc/benchmark_cloudsc_pattern_one.py", line 357, in <module>
    cloudsc_pattern_one_std_sdfg = cloudsc_pattern_one.to_sdfg()
                                   ^^^^^^^^^^^^^^^^^^^
NameError: name 'cloudsc_pattern_one' is not defined. Did you mean: 'cloudsc_pattern_1'?
Traceback (most recent call last):
  File "/scratch/ybudanaz/data_must_flow_artifacts/cloudsc_pattern_one/gcc/amd_epyc/benchmark_cloudsc_pattern_one.py", line 357, in <module>
    cloudsc_pattern_one_std_sdfg = cloudsc_pattern_one.to_sdfg()
                                   ^^^^^^^^^^^^^^^^^^^
NameError: name 'cloudsc_pattern_one' is not defined. Did you mean: 'cloudsc_pattern_1'?
Traceback (most recent call last):
  File "/scratch/ybudanaz/dace/dace/codegen/compiler.py", line 245, in configure_and_compile
    _run_liveoutput("cmake --build . --config %s" % (Config.get('compiler', 'build_type')),
  File "/scratch/ybudanaz/dace/dace/codegen/compiler.py", line 429, in _run_liveoutput
    raise subprocess.CalledProcessError(process.returncode, command, output.getvalue())
subprocess.CalledProcessError: Command 'cmake --build . --config RelWithDebInfo' returned non-zero exit status 2.

During handling of the above exception, another exception occurred:

Traceback (most recent call last):
  File "/scratch/ybudanaz/data_must_flow_artifacts/cloudsc_pattern_one/gcc/amd_epyc/benchmark_cloudsc_pattern_one.py", line 348, in <module>
    all_timings["cloudsc_pattern_1", size] = run_sdfg_multiple_times(
                                             ^^^^^^^^^^^^^^^^^^^^^^^^
  File "/scratch/ybudanaz/data_must_flow_artifacts/cloudsc_pattern_one/gcc/amd_epyc/benchmark_cloudsc_pattern_one.py", line 171, in run_sdfg_multiple_times
    compiled = sdfg.compile()
               ^^^^^^^^^^^^^^
  File "/scratch/ybudanaz/dace/dace/sdfg/sdfg.py", line 2436, in compile
    shared_library = compiler.configure_and_compile(program_folder, sdfg.name)
                     ^^^^^^^^^^^^^^^^^^^^^^^^^^^^^^^^^^^^^^^^^^^^^^^^^^^^^^^^^
  File "/scratch/ybudanaz/dace/dace/codegen/compiler.py", line 254, in configure_and_compile
    raise cgx.CompilationError('Compiler failure:\n' + ex.output)
dace.codegen.exceptions.CompilationError: Compiler failure:
[ 25%] Building CXX object CMakeFiles/cloudsc_pattern_1.dir/scratch/ybudanaz/data_must_flow_artifacts/cloudsc_pattern_one/gcc/amd_epyc/.dacecache/cloudsc_pattern_1/src/cpu/cloudsc_pattern_1.cpp.o
g++: error: unrecognized command-line option '-fno-vectorize'; did you mean '-ftree-vectorize'?
gmake[2]: *** [CMakeFiles/cloudsc_pattern_1.dir/build.make:79: CMakeFiles/cloudsc_pattern_1.dir/scratch/ybudanaz/data_must_flow_artifacts/cloudsc_pattern_one/gcc/amd_epyc/.dacecache/cloudsc_pattern_1/src/cpu/cloudsc_pattern_1.cpp.o] Error 1
gmake[1]: *** [CMakeFiles/Makefile2:90: CMakeFiles/cloudsc_pattern_1.dir/all] Error 2
gmake: *** [Makefile:91: all] Error 2

