Traceback (most recent call last):
  File "/scratch/ybudanaz/dace/dace/codegen/compiled_sdfg.py", line 528, in _construct_args
    arglist.append(kwargs[a])
                   ~~~~~~^^^
KeyError: 'c'

During handling of the above exception, another exception occurred:

Traceback (most recent call last):
  File "/scratch/ybudanaz/data_must_flow_artifacts/division_by_zero/intel/amd_epyc/benchmark_division_by_zero.py", line 282, in <module>
    all_timings["division_by_zero_dace", S] = run_sdfg_multiple_times(
                                              ^^^^^^^^^^^^^^^^^^^^^^^^
  File "/scratch/ybudanaz/data_must_flow_artifacts/division_by_zero/intel/amd_epyc/benchmark_division_by_zero.py", line 197, in run_sdfg_multiple_times
    compiled(**arrays, **params)  # Warm-up run
    ^^^^^^^^^^^^^^^^^^^^^^^^^^^^
  File "/scratch/ybudanaz/dace/dace/codegen/compiled_sdfg.py", line 388, in __call__
    argtuple, initargtuple = self._construct_args(kwargs)  # Missing arguments will be detected here.
                             ^^^^^^^^^^^^^^^^^^^^^^^^^^^^
  File "/scratch/ybudanaz/dace/dace/codegen/compiled_sdfg.py", line 532, in _construct_args
    raise KeyError("Missing program argument \"{}\"".format(a))
KeyError: 'Missing program argument "c"'
Traceback (most recent call last):
  File "/scratch/ybudanaz/dace/dace/codegen/compiled_sdfg.py", line 528, in _construct_args
    arglist.append(kwargs[a])
                   ~~~~~~^^^
KeyError: 'c'

During handling of the above exception, another exception occurred:

Traceback (most recent call last):
  File "/scratch/ybudanaz/data_must_flow_artifacts/division_by_zero/intel/amd_epyc/benchmark_division_by_zero.py", line 282, in <module>
    all_timings["division_by_zero_dace", S] = run_sdfg_multiple_times(
                                              ^^^^^^^^^^^^^^^^^^^^^^^^
  File "/scratch/ybudanaz/data_must_flow_artifacts/division_by_zero/intel/amd_epyc/benchmark_division_by_zero.py", line 197, in run_sdfg_multiple_times
    compiled(**arrays, **params)  # Warm-up run
    ^^^^^^^^^^^^^^^^^^^^^^^^^^^^
  File "/scratch/ybudanaz/dace/dace/codegen/compiled_sdfg.py", line 388, in __call__
    argtuple, initargtuple = self._construct_args(kwargs)  # Missing arguments will be detected here.
                             ^^^^^^^^^^^^^^^^^^^^^^^^^^^^
  File "/scratch/ybudanaz/dace/dace/codegen/compiled_sdfg.py", line 532, in _construct_args
    raise KeyError("Missing program argument \"{}\"".format(a))
KeyError: 'Missing program argument "c"'
Traceback (most recent call last):
  File "/scratch/ybudanaz/dace/dace/codegen/compiled_sdfg.py", line 528, in _construct_args
    arglist.append(kwargs[a])
                   ~~~~~~^^^
KeyError: 'c'

During handling of the above exception, another exception occurred:

Traceback (most recent call last):
  File "/scratch/ybudanaz/data_must_flow_artifacts/division_by_zero/intel/amd_epyc/benchmark_division_by_zero.py", line 282, in <module>
    all_timings["division_by_zero_dace", S] = run_sdfg_multiple_times(
                                              ^^^^^^^^^^^^^^^^^^^^^^^^
  File "/scratch/ybudanaz/data_must_flow_artifacts/division_by_zero/intel/amd_epyc/benchmark_division_by_zero.py", line 197, in run_sdfg_multiple_times
    compiled(**arrays, **params)  # Warm-up run
    ^^^^^^^^^^^^^^^^^^^^^^^^^^^^
  File "/scratch/ybudanaz/dace/dace/codegen/compiled_sdfg.py", line 388, in __call__
    argtuple, initargtuple = self._construct_args(kwargs)  # Missing arguments will be detected here.
                             ^^^^^^^^^^^^^^^^^^^^^^^^^^^^
  File "/scratch/ybudanaz/dace/dace/codegen/compiled_sdfg.py", line 532, in _construct_args
    raise KeyError("Missing program argument \"{}\"".format(a))
KeyError: 'Missing program argument "c"'
Traceback (most recent call last):
  File "/scratch/ybudanaz/dace/dace/codegen/compiled_sdfg.py", line 528, in _construct_args
    arglist.append(kwargs[a])
                   ~~~~~~^^^
KeyError: 'c'

During handling of the above exception, another exception occurred:

Traceback (most recent call last):
  File "/scratch/ybudanaz/data_must_flow_artifacts/division_by_zero/intel/amd_epyc/benchmark_division_by_zero.py", line 282, in <module>
    all_timings["division_by_zero_dace", S] = run_sdfg_multiple_times(
                                              ^^^^^^^^^^^^^^^^^^^^^^^^
  File "/scratch/ybudanaz/data_must_flow_artifacts/division_by_zero/intel/amd_epyc/benchmark_division_by_zero.py", line 197, in run_sdfg_multiple_times
    compiled(**arrays, **params)  # Warm-up run
    ^^^^^^^^^^^^^^^^^^^^^^^^^^^^
  File "/scratch/ybudanaz/dace/dace/codegen/compiled_sdfg.py", line 388, in __call__
    argtuple, initargtuple = self._construct_args(kwargs)  # Missing arguments will be detected here.
                             ^^^^^^^^^^^^^^^^^^^^^^^^^^^^
  File "/scratch/ybudanaz/dace/dace/codegen/compiled_sdfg.py", line 532, in _construct_args
    raise KeyError("Missing program argument \"{}\"".format(a))
KeyError: 'Missing program argument "c"'
Traceback (most recent call last):
  File "/scratch/ybudanaz/dace/dace/codegen/compiled_sdfg.py", line 528, in _construct_args
    arglist.append(kwargs[a])
                   ~~~~~~^^^
KeyError: 'c'

During handling of the above exception, another exception occurred:

Traceback (most recent call last):
  File "/scratch/ybudanaz/data_must_flow_artifacts/division_by_zero/intel/amd_epyc/benchmark_division_by_zero.py", line 282, in <module>
    all_timings["division_by_zero_dace", S] = run_sdfg_multiple_times(
                                              ^^^^^^^^^^^^^^^^^^^^^^^^
  File "/scratch/ybudanaz/data_must_flow_artifacts/division_by_zero/intel/amd_epyc/benchmark_division_by_zero.py", line 197, in run_sdfg_multiple_times
    compiled(**arrays, **params)  # Warm-up run
    ^^^^^^^^^^^^^^^^^^^^^^^^^^^^
  File "/scratch/ybudanaz/dace/dace/codegen/compiled_sdfg.py", line 388, in __call__
    argtuple, initargtuple = self._construct_args(kwargs)  # Missing arguments will be detected here.
                             ^^^^^^^^^^^^^^^^^^^^^^^^^^^^
  File "/scratch/ybudanaz/dace/dace/codegen/compiled_sdfg.py", line 532, in _construct_args
    raise KeyError("Missing program argument \"{}\"".format(a))
KeyError: 'Missing program argument "c"'
Traceback (most recent call last):
  File "/scratch/ybudanaz/dace/dace/codegen/compiled_sdfg.py", line 528, in _construct_args
    arglist.append(kwargs[a])
                   ~~~~~~^^^
KeyError: 'c'

During handling of the above exception, another exception occurred:

Traceback (most recent call last):
  File "/scratch/ybudanaz/data_must_flow_artifacts/division_by_zero/intel/amd_epyc/benchmark_division_by_zero.py", line 282, in <module>
    all_timings["division_by_zero_dace", S] = run_sdfg_multiple_times(
                                              ^^^^^^^^^^^^^^^^^^^^^^^^
  File "/scratch/ybudanaz/data_must_flow_artifacts/division_by_zero/intel/amd_epyc/benchmark_division_by_zero.py", line 197, in run_sdfg_multiple_times
    compiled(**arrays, **params)  # Warm-up run
    ^^^^^^^^^^^^^^^^^^^^^^^^^^^^
  File "/scratch/ybudanaz/dace/dace/codegen/compiled_sdfg.py", line 388, in __call__
    argtuple, initargtuple = self._construct_args(kwargs)  # Missing arguments will be detected here.
                             ^^^^^^^^^^^^^^^^^^^^^^^^^^^^
  File "/scratch/ybudanaz/dace/dace/codegen/compiled_sdfg.py", line 532, in _construct_args
    raise KeyError("Missing program argument \"{}\"".format(a))
KeyError: 'Missing program argument "c"'
