Traceback (most recent call last):
  File "/scratch/ybudanaz/dace/dace/codegen/compiler.py", line 245, in configure_and_compile
    _run_liveoutput("cmake --build . --config %s" % (Config.get('compiler', 'build_type')),
  File "/scratch/ybudanaz/dace/dace/codegen/compiler.py", line 429, in _run_liveoutput
    raise subprocess.CalledProcessError(process.returncode, command, output.getvalue())
subprocess.CalledProcessError: Command 'cmake --build . --config RelWithDebInfo' returned non-zero exit status 127.

During handling of the above exception, another exception occurred:

Traceback (most recent call last):
  File "/scratch/ybudanaz/data_must_flow_artifacts/division_by_zero/gcc/intel_xeon/benchmark_division_by_zero.py", line 215, in <module>
    all_timings["division_by_zero", S] = run_sdfg_multiple_times(
                                         ^^^^^^^^^^^^^^^^^^^^^^^^
  File "/scratch/ybudanaz/data_must_flow_artifacts/division_by_zero/gcc/intel_xeon/benchmark_division_by_zero.py", line 134, in run_sdfg_multiple_times
    compiled = sdfg.compile()
               ^^^^^^^^^^^^^^
  File "/scratch/ybudanaz/dace/dace/sdfg/sdfg.py", line 2436, in compile
    shared_library = compiler.configure_and_compile(program_folder, sdfg.name)
                     ^^^^^^^^^^^^^^^^^^^^^^^^^^^^^^^^^^^^^^^^^^^^^^^^^^^^^^^^^
  File "/scratch/ybudanaz/dace/dace/codegen/compiler.py", line 254, in configure_and_compile
    raise cgx.CompilationError('Compiler failure:\n' + ex.output)
dace.codegen.exceptions.CompilationError: Compiler failure:
/bin/sh: cmake: command not found

