Traceback (most recent call last):
  File "/scratch/ybudanaz/dace/dace/codegen/compiler.py", line 224, in configure_and_compile
    _run_liveoutput(cmake_command, shell=True, cwd=build_folder, output_stream=output_stream)
  File "/scratch/ybudanaz/dace/dace/codegen/compiler.py", line 429, in _run_liveoutput
    raise subprocess.CalledProcessError(process.returncode, command, output.getvalue())
subprocess.CalledProcessError: Command 'cmake  "/scratch/ybudanaz/dace/dace/codegen" -DDACE_SRC_DIR="/scratch/ybudanaz/data_must_flow_artifacts/jacobi2d/gcc/intel_xeon/.dacecache/jacobi2d/src" -DDACE_FILES="cpu/jacobi2d.cpp" -DDACE_PROGRAM_NAME=jacobi2d -DDACE_ENV_CMAKE_FILES="" -DDACE_ENV_COMPILE_FLAGS="" -DDACE_ENV_INCLUDES="" -DDACE_ENV_LIBRARIES="" -DDACE_ENV_MINIMUM_VERSION=0 -DDACE_ENV_PACKAGES="" -DDACE_ENV_VAR_KEYS="" -DDACE_ENV_VAR_VALUES="" -DCMAKE_CXX_FLAGS="-fopenmp -std=c++17 -faligned-new -fPIC -Wall -Wextra -O3 -march=native -ffast-math -Wno-unused-parameter -Wno-unused-label" -DDACE_LIBS="" -DCMAKE_BUILD_TYPE=RelWithDebInfo -DCMAKE_SHARED_LINKER_FLAGS="-Wl,--disable-new-dtags"' returned non-zero exit status 127.

During handling of the above exception, another exception occurred:

Traceback (most recent call last):
  File "/scratch/ybudanaz/dace/dace/codegen/compiler.py", line 232, in configure_and_compile
    _run_liveoutput(cmake_command, shell=True, cwd=build_folder, output_stream=output_stream)
  File "/scratch/ybudanaz/dace/dace/codegen/compiler.py", line 429, in _run_liveoutput
    raise subprocess.CalledProcessError(process.returncode, command, output.getvalue())
subprocess.CalledProcessError: Command 'cmake  "/scratch/ybudanaz/dace/dace/codegen" -DDACE_SRC_DIR="/scratch/ybudanaz/data_must_flow_artifacts/jacobi2d/gcc/intel_xeon/.dacecache/jacobi2d/src" -DDACE_FILES="cpu/jacobi2d.cpp" -DDACE_PROGRAM_NAME=jacobi2d -DDACE_ENV_CMAKE_FILES="" -DDACE_ENV_COMPILE_FLAGS="" -DDACE_ENV_INCLUDES="" -DDACE_ENV_LIBRARIES="" -DDACE_ENV_MINIMUM_VERSION=0 -DDACE_ENV_PACKAGES="" -DDACE_ENV_VAR_KEYS="" -DDACE_ENV_VAR_VALUES="" -DCMAKE_CXX_FLAGS="-fopenmp -std=c++17 -faligned-new -fPIC -Wall -Wextra -O3 -march=native -ffast-math -Wno-unused-parameter -Wno-unused-label" -DDACE_LIBS="" -DCMAKE_BUILD_TYPE=RelWithDebInfo -DCMAKE_SHARED_LINKER_FLAGS="-Wl,--disable-new-dtags"' returned non-zero exit status 127.

During handling of the above exception, another exception occurred:

Traceback (most recent call last):
  File "/scratch/ybudanaz/data_must_flow_artifacts/jacobi2d/gcc/intel_xeon/benchmark_jacobi2d.py", line 285, in <module>
    all_timings["jacobi2d", size] = run_sdfg_multiple_times(
                                    ^^^^^^^^^^^^^^^^^^^^^^^^
  File "/scratch/ybudanaz/data_must_flow_artifacts/jacobi2d/gcc/intel_xeon/benchmark_jacobi2d.py", line 167, in run_sdfg_multiple_times
    compiled = sdfg.compile()
               ^^^^^^^^^^^^^^
  File "/scratch/ybudanaz/dace/dace/sdfg/sdfg.py", line 2436, in compile
    shared_library = compiler.configure_and_compile(program_folder, sdfg.name)
                     ^^^^^^^^^^^^^^^^^^^^^^^^^^^^^^^^^^^^^^^^^^^^^^^^^^^^^^^^^
  File "/scratch/ybudanaz/dace/dace/codegen/compiler.py", line 238, in configure_and_compile
    raise cgx.CompilerConfigurationError('Configuration failure:\n' + ex.output)
dace.codegen.exceptions.CompilerConfigurationError: Configuration failure:
/bin/sh: cmake: command not found

